/*---------------------------------------------------------------------------*\
| =========                 |                                                 |
| \\      /  F ield         | OpenFOAM: The Open Source CFD Toolbox           |
|  \\    /   O peration     | Version:  2512                                  |
|   \\  /    A nd           | Website:  www.openfoam.com                      |
|    \\/     M anipulation  |                                                 |
\*---------------------------------------------------------------------------*/
Build  : _87ed40d2-20251219 OPENFOAM=2512 version=2512
Arch   : "LSB;label=32;scalar=64"
Exec   : checkMesh
Date   : May 25 2026
Time   : 07:13:29
Host   : cf9701328018
PID    : 827
I/O    : uncollated
Case   : /workspace/cases/Re100
nProcs : 1
trapFpe: Floating point exception trapping enabled (FOAM_SIGFPE).
memory pool : not available
fileModificationChecking : Monitoring run-time modified files using timeStampMaster (fileModificationSkew 5, maxFileModificationPolls 20)
allowSystemOperations : Allowing user-supplied system call operations

// * * * * * * * * * * * * * * * * * * * * * * * * * * * * * * * * * * * * * //
Create time

Create mesh for time = 0

Check mesh...

Time = 0

Mesh stats 
    points:           59046
    internal points:  0
    faces:            191295
    internal faces:   82809
    cells:            53924
    faces per cell:   5.0831541
    boundary patches: 4
    point zones:      0
    face zones:       0
    cell zones:       1

Overall number of cells of each type:
    hexahedra:     4484
    prisms:        49440
    wedges:        0
    pyramids:      0
    tet wedges:    0
    tetrahedra:    0
    polyhedra:     0

Checking topology...
    Boundary definition OK.
    Cell to face addressing OK.
    Point usage OK.
    Upper triangular ordering OK.
    Face vertices OK.
    Number of regions: 1 (OK).

Checking patch topology for multiply connected surfaces...
    Patch               Faces    Points     Surface topology
    frontAndBack        107848   59046    ok (non-closed singly connected)  
    walls               504      1012     ok (non-closed singly connected)  
    outlet              67       136      ok (non-closed singly connected)  
    inlet               67       136      ok (non-closed singly connected)  
    ".*"                108486   59046    ok (closed singly connected)      


Checking faceZone topology for multiply connected surfaces...
    No faceZones found.

Checking basic cellZone addressing...
    CellZone            Cells        Points       Volume       BoundingBox
    fluid               53924        59046        19.921469    (0 -5 0) (20 5 0.1)

Checking basic pointZone addressing...
    No pointZones found.

Checking geometry...
    Overall domain bounding box (0 -5 0) (20 5 0.1)
    Mesh has 2 geometric (non-empty/wedge) directions (1 1 0)
    Mesh has 2 solution (non-empty) directions (1 1 0)
    All edges aligned with or perpendicular to non-empty directions.
    Boundary openness (2.5715891e-20 -1.9715517e-19 -4.1855292e-24) OK.
    Max cell openness = 2.1789243e-16 OK.
    Max aspect ratio = 2.6412177 OK.
    Minimum face area = 6.56978e-05. Maximum face area = 0.022056835.  Face area magnitudes OK.
    Min volume = 6.56978e-06. Max volume = 0.001625493.  Total volume = 19.921469.  Cell volumes OK.
    Mesh non-orthogonality Max: 37.084996 average: 6.8117368
    Non-orthogonality check OK.
    Face pyramids OK.
    Max skewness = 0.56456647 OK.
    Coupled point location match (average 0) OK.

Mesh OK.

End

